---
# I am a list without items
apiVersion: v1
kind: RoleList
